[themewagon.github.io/Muvid/index.html]
[backblue.gif]
[fade.gif]
[index.html]
[themewagon.github.io/Muvid/css/bootstrap.min.css]
[themewagon.github.io/Muvid/css/style.css]
[themewagon.github.io/Muvid/css/responsive.css]
[themewagon.github.io/Muvid/images/fevicon.png]
[themewagon.github.io/Muvid/css/jquery.mCustomScrollbar.min.css]
[netdna.bootstrapcdn.com/font-awesome/4.0.3/css/font-awesome.css]
[themewagon.github.io/Muvid/css/owl.carousel.min.css]
[themewagon.github.io/Muvid/css/owl.theme.default.min.css]
[cdnjs.cloudflare.com/ajax/libs/fancybox/2.1.5/jquery.fancybox.min.css]
[themewagon.github.io/Muvid/index-2.html]
[themewagon.github.io/Muvid/images/logo.png]
[themewagon.github.io/Muvid/images/search-icon.png]
[themewagon.github.io/Muvid/images/play-icon1.png]
[themewagon.github.io/Muvid/images/play-icon2.png]
[themewagon.github.io/Muvid/images/cd-1.png]
[themewagon.github.io/Muvid/images/play-icon.png]
[themewagon.github.io/Muvid/images/cd-2.png]
[themewagon.github.io/Muvid/images/cd-3.png]
[themewagon.github.io/Muvid/images/cd-4.png]
[themewagon.github.io/Muvid/images/cd-5.png]
[themewagon.github.io/Muvid/images/call-icon.png]
[themewagon.github.io/Muvid/images/mail-icon.png]
[themewagon.github.io/Muvid/images/fb-icon.png]
[themewagon.github.io/Muvid/images/twitter-icon.png]
[themewagon.github.io/Muvid/images/linkedin-icon.png]
[themewagon.github.io/Muvid/images/instagram-icon.png]
[themewagon.github.io/Muvid/js/jquery.min.js]
[themewagon.github.io/Muvid/js/popper.min.js]
[themewagon.github.io/Muvid/js/bootstrap.bundle.min.js]
[themewagon.github.io/Muvid/js/jquery-3.0.0.min.js]
[themewagon.github.io/Muvid/js/plugin.js]
[themewagon.github.io/Muvid/js/jquery.mCustomScrollbar.concat.min.js]
[themewagon.github.io/Muvid/js/custom.js]
[themewagon.github.io/Muvid/js/owl.carousel.js]
[themewagon.github.io/Muvid/cdnjs.cloudflare.com/ajax/libs/fancybox/2.1.5/jquery.fancybox.min.js]
[themewagon.github.io/Muvid/index.html]
[themewagon.github.io/Muvid/css/bootstrap.min.css]
[themewagon.github.io/Muvid/css/animate.min.css]
[themewagon.github.io/Muvid/css/normalize.css]
[themewagon.github.io/Muvid/css/icomoon.css]
[themewagon.github.io/Muvid/css/css/font-awesome.min.css]
[themewagon.github.io/Muvid/css/meanmenu.css]
[themewagon.github.io/Muvid/css/swiper.min.css]
[themewagon.github.io/Muvid/css/slick.css]
[themewagon.github.io/Muvid/css/jquery.fancybox.min.css]
[themewagon.github.io/Muvid/css/jquery-ui.css]
[themewagon.github.io/Muvid/css/nice-select.css]
[themewagon.github.io/Muvid/images/banner-bg.png]
[themewagon.github.io/Muvid/images/banner-img1.png]
[themewagon.github.io/Muvid/images/banner-img2.png]
[themewagon.github.io/Muvid/images/img-1.png]
[themewagon.github.io/Muvid/images/img-2.png]
[themewagon.github.io/Muvid/images/img-3.png]
[themewagon.github.io/Muvid/images/img-4.png]
[themewagon.github.io/Muvid/css/style.css]
[themewagon.github.io/Muvid/css/responsive.css]
[themewagon.github.io/Muvid/images/fevicon.html]
[themewagon.github.io/Muvid/css/mCSB_buttons.png]
[themewagon.github.io/Muvid/css/jquery.mCustomScrollbar.min.css]
[netdna.bootstrapcdn.com/font-awesome/4.0.3/css/font-awesome.css]
[themewagon.github.io/Muvid/css/owl.video.play.png]
[themewagon.github.io/Muvid/css/owl.carousel.min.css]
[themewagon.github.io/Muvid/css/owl.theme.default.min.html]
[cdnjs.cloudflare.com/ajax/libs/fancybox/2.1.5/fancybox_sprite.png]
[cdnjs.cloudflare.com/ajax/libs/fancybox/2.1.5/fancybox_loading.gif]
[cdnjs.cloudflare.com/ajax/libs/fancybox/2.1.5/blank.gif]
[cdnjs.cloudflare.com/ajax/libs/fancybox/2.1.5/fancybox_overlay.png]
[cdnjs.cloudflare.com/ajax/libs/fancybox/2.1.5/fancybox_sprite@2x.png]
[cdnjs.cloudflare.com/ajax/libs/fancybox/2.1.5/jquery.fancybox.min.css]
[themewagon.github.io/Muvid/index-2.html]
[themewagon.github.io/Muvid/js/owl.carousel.html]
[themewagon.github.io/Muvid/cdnjs.cloudflare.com/ajax/libs/fancybox/2.1.5/jquery.fancybox.min.html]
[themewagon.github.io/Muvid/css/animate.min.css]
[themewagon.github.io/Muvid/css/normalize.css]
[cdnjs.cloudflare.com/ajax/libs/fancybox/2.1.5/fancybox_loading@2x.gif]
[themewagon.github.io/Muvid/fonts/IcoMoon-Free.ttf]
[themewagon.github.io/Muvid/css/icomoon.css]
[themewagon.github.io/Muvid/css/css/font-awesome.min.html]
[themewagon.github.io/Muvid/css/meanmenu.css]
[themewagon.github.io/Muvid/css/swiper.min.html]
[themewagon.github.io/Muvid/css/slick.css]
[themewagon.github.io/Muvid/css/jquery.fancybox.min.css]
[themewagon.github.io/Muvid/css/images/ui-icons_444444_256x240.png]
[themewagon.github.io/Muvid/css/images/ui-icons_555555_256x240.png]
[themewagon.github.io/Muvid/css/images/ui-icons_ffffff_256x240.png]
[themewagon.github.io/Muvid/css/images/ui-icons_777620_256x240.png]
[themewagon.github.io/Muvid/css/images/ui-icons_cc0000_256x240.png]
[themewagon.github.io/Muvid/css/images/ui-icons_777777_256x240.png]
[themewagon.github.io/Muvid/css/jquery-ui.css]
[themewagon.github.io/Muvid/css/nice-select.css]
[themewagon.github.io/Muvid/css/mCSB_buttons.html]
[themewagon.github.io/Muvid/css/owl.video.play.html]
[themewagon.github.io/Muvid/fonts/IcoMoon-Free.html]
[themewagon.github.io/Muvid/css/images/ui-icons_444444_256x240.html]
[themewagon.github.io/Muvid/css/images/ui-icons_555555_256x240.html]
[themewagon.github.io/Muvid/css/images/ui-icons_ffffff_256x240.html]
[themewagon.github.io/Muvid/css/images/ui-icons_777620_256x240.html]
[themewagon.github.io/Muvid/css/images/ui-icons_cc0000_256x240.html]
[themewagon.github.io/Muvid/css/images/ui-icons_777777_256x240.html]
